[20:19:24.085] [INFO] storybook v10.5.5
[20:19:26.088] [PROMPT] Port 6006 is not available. 
Would you like to run Storybook on port 6007 instead? {"choice":true}
[20:19:26.092] [ERROR] [38;2;241;97;97mSB_CORE-SERVER_0007 (MainFileEvaluationError): Storybook couldn't evaluate your [33m.storybook/main.ts[39m file.

Original error:
[37mError [ERR_PACKAGE_PATH_NOT_EXPORTED]: No "exports" main defined in /node_modules/@wc-toolkit/cem-analyzer-plugin/package.json imported from /.storybook/main.ts
    at exportsNotFound (node:internal/modules/esm/resolve:313:10)
    at packageExportsResolve (node:internal/modules/esm/resolve:661:9)
    at packageResolve (node:internal/modules/esm/resolve:774:12)
    at moduleResolve (node:internal/modules/esm/resolve:858:18)
    at defaultResolve (node:internal/modules/esm/resolve:990:11)
    at nextResolve (node:internal/modules/esm/hooks:748:28)
    at Hooks.resolve (node:internal/modules/esm/hooks:240:30)
    at MessagePort.handleMessage (node:internal/modules/esm/worker:201:24)
    at [nodejs.internal.kHybridDispatch] (node:internal/event_target:845:20)
    at MessagePort.<anonymous> (node:internal/per_context/messageport:23:28)[39m[39m
    at loadMainConfig (file://./node_modules/.pnpm/storybook@10.5.5_react@19.2.8/node_modules/storybook/dist/_node-chunks/chunk-WW5TKTXG.js:14588:11)
    at async buildDevStandalone (file://./node_modules/.pnpm/storybook@10.5.5_react@19.2.8/node_modules/storybook/dist/core-server/index.js:11910:16)
    at async withTelemetry (file://./node_modules/.pnpm/storybook@10.5.5_react@19.2.8/node_modules/storybook/dist/_node-chunks/chunk-EIY3KIFG.js:1785:12)
    at async dev (file://./node_modules/.pnpm/storybook@10.5.5_react@19.2.8/node_modules/storybook/dist/bin/core.js:3850:3)
    at async _Command.<anonymous> (file://./node_modules/.pnpm/storybook@10.5.5_react@19.2.8/node_modules/storybook/dist/bin/core.js:3958:3)
[20:19:26.094] [WARN] Broken build, fix the error above.
You may need to refresh the browser.
[20:19:26.095] [WARN]   Failed to load preset: "/Users/burton.smith/Projects/powered-by-zocdoc/.storybook/main.ts"
[20:19:26.095] [ERROR] Error [ERR_PACKAGE_PATH_NOT_EXPORTED]: No "exports" main defined in ./node_modules/@wc-toolkit/cem-analyzer-plugin/package.json imported from ./.storybook/main.ts
    at exportsNotFound (node:internal/modules/esm/resolve:313:10)
    at packageExportsResolve (node:internal/modules/esm/resolve:661:9)
    at packageResolve (node:internal/modules/esm/resolve:774:12)
    at moduleResolve (node:internal/modules/esm/resolve:858:18)
    at defaultResolve (node:internal/modules/esm/resolve:990:11)
    at nextResolve (node:internal/modules/esm/hooks:748:28)
    at Hooks.resolve (node:internal/modules/esm/hooks:240:30)
    at MessagePort.handleMessage (node:internal/modules/esm/worker:201:24)
    at [nodejs.internal.kHybridDispatch] (node:internal/event_target:845:20)
    at MessagePort.<anonymous> (node:internal/per_context/messageport:23:28)
[20:19:28.347] [PROMPT] Would you like to send anonymous crash reports to improve Storybook and fix bugs faster? {"choice":true}
[20:19:28.351] [INFO] Storybook collects completely anonymous usage telemetry. We use it to shape Storybook's roadmap and prioritize features. You can learn more, including how to opt out, at https://storybook.js.org/telemetry