// Vitest Snapshot v1, https://vitest.dev/guide/snapshot.html

exports[`renderComponentStyling > matches the snapshot for a component with a styling surface 1`] = `
"# zd-widget — Styling

API reference: [zd-widget.md](zd-widget.md)

## CSS Parts

| Part | Description |
| --- | --- |
| \`base\` | The outer wrapper. |

## CSS Custom Properties

| Property | Syntax | Default | Description |
| --- | --- | --- | --- |
| \`--zd-widget-gap\` | \`<length>\` | \`8px\` | Gap between icon and label. |

## CSS States

| State | Description |
| --- | --- |
| \`invalid\` | Applied when validation fails. |
"
`;
